// Jest Snapshot v1, https://goo.gl/fbAQLP

exports[`renderers without crashing 1`] = `
Array [
  <h1
    className="my-8 text-center text-3xl"
  >
    Hello 
  </h1>,
  <form
    className="mx-auto flex w-48 flex-col items-center"
    onSubmit={[Function]}
  >
    <div>
      <label
        className="sr-only"
        htmlFor="name"
      >
        Name
      </label>
      <input
        className="rounded border pl-2"
        id="name"
        name="formName"
        placeholder="Enter your name"
        type="text"
      />
    </div>
    <button
      className="mt-4 rounded bg-green-500 px-4 py-2 text-white"
      type="submit"
    >
      Submit
    </button>
  </form>,
  <ul>
    <li>
      Football
       - 
      $49.99
    </li>
    <li>
      Baseball
       - 
      $9.99
    </li>
    <li>
      Basketball
       - 
      $29.99
    </li>
    <li>
      iPod Touch
       - 
      $99.99
    </li>
    <li>
      iPhone 5
       - 
      $399.99
    </li>
    <li>
      Nexus 7
       - 
      $199.99
    </li>
  </ul>,
]
`;

exports[`renders correctly 1`] = `null`;
